***********************************************************************************************
***                                                                                         ***
***                                    LINK INFORMATION                                     ***
***                                                                                         ***
***********************************************************************************************

Linker version:

  SEGGER ARM Linker 4.38.6 compiled Nov 27 2023 14:50:52
  Copyright (c) 2017-2022 SEGGER Microcontroller GmbH    www.segger.com


***********************************************************************************************
***                                                                                         ***
***                                     MODULE SUMMARY                                      ***
***                                                                                         ***
***********************************************************************************************

Memory use by input file:

  Object File                                       RX Code     RO Data     RW Data     ZI Data
  ---------------------------------------------  ----------  ----------  ----------  ----------
  ass_1_3.o                                             136                                    
  Cortex_M_Startup.o                                     50          64                        
  SEGGER_THUMB_Startup.o                                 20                                    
  ---------------------------------------------  ----------  ----------  ----------  ----------
  Subtotal (3 objects)                                  206          64                        
  ---------------------------------------------  ----------  ----------  ----------  ----------
  Linker created (shared data, fills, blocks):                        4                   2 048
  =============================================  ==========  ==========  ==========  ==========
  Total:                                                206          68                   2 048
  =============================================  ==========  ==========  ==========  ==========

Memory use by archive member:

Memory use by linker:

  Description                                       RX Code     RO Data     RW Data     ZI Data
  ---------------------------------------------  ----------  ----------  ----------  ----------
  Initialization table                                                4                        
  Memory for block 'stack'                                                                2 048
  ---------------------------------------------  ----------  ----------  ----------  ----------
  Subtotal (linker created):                                          4                   2 048
  ---------------------------------------------  ----------  ----------  ----------  ----------
  Objects (3 files)                                     206          64                        
  =============================================  ==========  ==========  ==========  ==========
  Total:                                                206          68                   2 048
  =============================================  ==========  ==========  ==========  ==========


***********************************************************************************************
***                                                                                         ***
***                                     SECTION DETAIL                                      ***
***                                                                                         ***
***********************************************************************************************

Sections by address:

  Range              Symbol or [section] Name         Size  Al  Init  Ac  Object File
  -----------------  -------------------------  ----------  --  ----  --  -----------
  00000000-0000003f  _vectors                           64   4  Cnst  RO  Cortex_M_Startup.o
  00000040-000000c7  main                              136   4  Code  RX  ass_1_3.o
  000000c8-000000ef  HardFault_Handler                  40   4  Code  RX  Cortex_M_Startup.o
  000000f0-00000103  _start                             20   4  Code  RX  SEGGER_THUMB_Startup.o
  00000104-00000105  NMI_Handler                         2   2  Code  RX  Cortex_M_Startup.o
  00000106-0000010d  Reset_Handler                       8   2  Code  RX  Cortex_M_Startup.o
  0000010e-0000010f  ( UNUSED .=.+2 )                    2   -  ----  -   -
  00000110-00000113  __SEGGER_init_table__               4   4  Cnst  RO  [ Linker created ]
  00000114-2003f7ff  ( UNUSED .=.+537130732 )   537 130 732
                                                             -  ----  -   -
  2003f800-2003ffff  [.bss.block.stack]              2 048   8  None  ZI  [ Linker created ]


***********************************************************************************************
***                                                                                         ***
***                                       SYMBOL LIST                                       ***
***                                                                                         ***
***********************************************************************************************

Weak symbols with no definition:

  Symbol name
  -------------------------
  SystemInit

Function symbols by name:

  Symbol name                   Address        Size  Align  Type  Bd  Object File
  -------------------------  ----------  ----------  -----  ----  --  -----------
  BusFault_Handler           0x00000105           2      2  Code  Wk  Cortex_M_Startup.o
  DebugMon_Handler           0x00000105           2      2  Code  Wk  Cortex_M_Startup.o
  HardFault_Handler          0x000000C9          36      4  Code  Wk  Cortex_M_Startup.o
  MemManage_Handler          0x00000105           2      2  Code  Wk  Cortex_M_Startup.o
  NMI_Handler                0x00000105           2      2  Code  Wk  Cortex_M_Startup.o
  PendSV_Handler             0x00000105           2      2  Code  Wk  Cortex_M_Startup.o
  Reset_Handler              0x00000107           8      2  Code  Gb  Cortex_M_Startup.o
  SVC_Handler                0x00000105           2      2  Code  Wk  Cortex_M_Startup.o
  SysTick_Handler            0x00000105           2      2  Code  Wk  Cortex_M_Startup.o
  UsageFault_Handler         0x00000105           2      2  Code  Wk  Cortex_M_Startup.o
  __SEGGER_init_done         0x000000FB                  4  Code  Gb  SEGGER_THUMB_Startup.o
  __startup_complete         0x000000FB                  4  Code  Gb  SEGGER_THUMB_Startup.o
  _start                     0x000000F1          14      4  Code  Gb  SEGGER_THUMB_Startup.o
  exit                       0x000000FF           2      4  Code  Gb  SEGGER_THUMB_Startup.o
  main                       0x00000041                  4  Code  Gb  ass_1_3.o
  reset_handler              0x00000107           8      2  Code  Gb  Cortex_M_Startup.o

Function symbols by address:

     Address  Symbol name                      Size  Align  Type  Bd  Object File
  ----------  -------------------------  ----------  -----  ----  --  -----------
  0x00000041  main                                       4  Code  Gb  ass_1_3.o
  0x000000C9  HardFault_Handler                  36      4  Code  Wk  Cortex_M_Startup.o
  0x000000F1  _start                             14      4  Code  Gb  SEGGER_THUMB_Startup.o
  0x000000FB  __startup_complete                         4  Code  Gb  SEGGER_THUMB_Startup.o
  0x000000FB  __SEGGER_init_done                         4  Code  Gb  SEGGER_THUMB_Startup.o
  0x000000FF  exit                                2      4  Code  Gb  SEGGER_THUMB_Startup.o
  0x00000105  UsageFault_Handler                  2      2  Code  Wk  Cortex_M_Startup.o
  0x00000105  SysTick_Handler                     2      2  Code  Wk  Cortex_M_Startup.o
  0x00000105  SVC_Handler                         2      2  Code  Wk  Cortex_M_Startup.o
  0x00000105  PendSV_Handler                      2      2  Code  Wk  Cortex_M_Startup.o
  0x00000105  NMI_Handler                         2      2  Code  Wk  Cortex_M_Startup.o
  0x00000105  MemManage_Handler                   2      2  Code  Wk  Cortex_M_Startup.o
  0x00000105  DebugMon_Handler                    2      2  Code  Wk  Cortex_M_Startup.o
  0x00000105  BusFault_Handler                    2      2  Code  Wk  Cortex_M_Startup.o
  0x00000107  reset_handler                       8      2  Code  Gb  Cortex_M_Startup.o
  0x00000107  Reset_Handler                       8      2  Code  Gb  Cortex_M_Startup.o

Function symbols by descending size:

  Symbol name                      Size  Align  Type  Bd  Object File
  -------------------------  ----------  -----  ----  --  -----------
  HardFault_Handler                  36      4  Code  Wk  Cortex_M_Startup.o
  _start                             14      4  Code  Gb  SEGGER_THUMB_Startup.o
  Reset_Handler                       8      2  Code  Gb  Cortex_M_Startup.o
  reset_handler                       8      2  Code  Gb  Cortex_M_Startup.o
  BusFault_Handler                    2      2  Code  Wk  Cortex_M_Startup.o
  DebugMon_Handler                    2      2  Code  Wk  Cortex_M_Startup.o
  MemManage_Handler                   2      2  Code  Wk  Cortex_M_Startup.o
  NMI_Handler                         2      2  Code  Wk  Cortex_M_Startup.o
  PendSV_Handler                      2      2  Code  Wk  Cortex_M_Startup.o
  SVC_Handler                         2      2  Code  Wk  Cortex_M_Startup.o
  SysTick_Handler                     2      2  Code  Wk  Cortex_M_Startup.o
  UsageFault_Handler                  2      2  Code  Wk  Cortex_M_Startup.o
  exit                                2      4  Code  Gb  SEGGER_THUMB_Startup.o
  __SEGGER_init_done                         4  Code  Gb  SEGGER_THUMB_Startup.o
  __startup_complete                         4  Code  Gb  SEGGER_THUMB_Startup.o
  main                                       4  Code  Gb  ass_1_3.o

Read-only data symbols by name:

  Symbol name                   Address        Size  Align  Type  Bd  Object File
  -------------------------  ----------  ----------  -----  ----  --  -----------
  __SEGGER_init_table__      0x00000110         [4]      4  Cnst  Lc  [ Linker created ]

Read-only data symbols by address:

     Address  Symbol name                      Size  Align  Type  Bd  Object File
  ----------  -------------------------  ----------  -----  ----  --  -----------
  0x00000110  __SEGGER_init_table__             [4]      4  Cnst  Lc  [ Linker created ]

Untyped symbols by name:

  Symbol name                     Value        Size  Align  Type  Bd  Object File
  -------------------------  ----------  ----------  -----  ----  --  -----------
  BTN_WAIT                   0x000000A4                  4  Code  Lc  ass_1_3.o
  CONF_BTN_PIN               0x00000074                  4  Code  Lc  ass_1_3.o
  COUNT_DOWN                 0x00000082                  4  Code  Lc  ass_1_3.o
  DELAY                      0x00000080                  4  Code  Lc  ass_1_3.o
  LED_OFF                    0x0000008C                  4  Code  Lc  ass_1_3.o
  LED_TOGGLE                 0x00000092                  4  Code  Lc  ass_1_3.o
  SET_OUT_PIN                0x0000006E                  4  Code  Lc  ass_1_3.o
  __FLASH1_segment_end__     0x00100000                     ----  Gb  [ Linker created ]
  __FLASH1_segment_size__    0x00100000                     ----  Gb  [ Linker created ]
  __FLASH1_segment_start__   0x00000000                     ----  Gb  [ Linker created ]
  __FLASH1_segment_used_end__
                             0x00000114                     ----  Gb  [ Linker created ]
  __FLASH1_segment_used_size__
                             0x00000114                     ----  Gb  [ Linker created ]
  __FLASH1_segment_used_start__
                             0x00000000                     ----  Gb  [ Linker created ]
  __FLASH2_segment_end__     0x10002000                     ----  Gb  [ Linker created ]
  __FLASH2_segment_size__    0x00001000                     ----  Gb  [ Linker created ]
  __FLASH2_segment_start__   0x10001000                     ----  Gb  [ Linker created ]
  __FLASH2_segment_used_end__
                             0x10001000                     ----  Gb  [ Linker created ]
  __FLASH2_segment_used_size__
                             0x00000000                     ----  Gb  [ Linker created ]
  __FLASH2_segment_used_start__
                             0x10001000                     ----  Gb  [ Linker created ]
  __FLASH_segment_end__      0x00100000                     ----  Gb  [ Linker created ]
  __FLASH_segment_size__     0x00100000                     ----  Gb  [ Linker created ]
  __FLASH_segment_start__    0x00000000                     ----  Gb  [ Linker created ]
  __FLASH_segment_used_end__
                             0x00000114                     ----  Gb  [ Linker created ]
  __FLASH_segment_used_size__
                             0x00000114                     ----  Gb  [ Linker created ]
  __FLASH_segment_used_start__
                             0x00000000                     ----  Gb  [ Linker created ]
  __HEAPSIZE__               0x00000800                     ----  Gb  [ Linker created ]
  __RAM1_segment_end__       0x20040000                     ----  Gb  [ Linker created ]
  __RAM1_segment_size__      0x00040000                     ----  Gb  [ Linker created ]
  __RAM1_segment_start__     0x20000000                     ----  Gb  [ Linker created ]
  __RAM1_segment_used_end__  0x20040000                     ----  Gb  [ Linker created ]
  __RAM1_segment_used_size__
                             0x00000800                     ----  Gb  [ Linker created ]
  __RAM1_segment_used_start__
                             0x2003F800                     ----  Gb  [ Linker created ]
  __RAM_segment_end__        0x20040000                     ----  Gb  [ Linker created ]
  __RAM_segment_size__       0x00040000                     ----  Gb  [ Linker created ]
  __RAM_segment_start__      0x20000000                     ----  Gb  [ Linker created ]
  __RAM_segment_used_end__   0x20040000                     ----  Gb  [ Linker created ]
  __RAM_segment_used_size__  0x00000800                     ----  Gb  [ Linker created ]
  __RAM_segment_used_start__
                             0x2003F800                     ----  Gb  [ Linker created ]
  __STACKSIZE_PROCESS__      0x00000000                     ----  Gb  [ Linker created ]
  __STACKSIZE__              0x00000800                     ----  Gb  [ Linker created ]
  __stack_end__              0x20040000                     ----  Gb  [ Linker created ]
  __thread_pointer$          0x00000000                     ----  Gb  [ Linker created ]
  _vectors                   0x00000000          64      4  Cnst  Gb  Cortex_M_Startup.o
  _vectors_end               0x00000040                  4  Cnst  Lc  Cortex_M_Startup.o
  loop                       0x00000054                  4  Code  Lc  ass_1_3.o

Untyped symbols by address:

       Value  Symbol name                      Size  Align  Type  Bd  Object File
  ----------  -------------------------  ----------  -----  ----  --  -----------
  0x00000000  _vectors                           64      4  Cnst  Gb  Cortex_M_Startup.o
  0x00000000  __thread_pointer$                             ----  Gb  [ Linker created ]
  0x00000000  __STACKSIZE_PROCESS__                         ----  Gb  [ Linker created ]
  0x00000000  __FLASH_segment_used_start__
                                                            ----  Gb  [ Linker created ]
  0x00000000  __FLASH_segment_start__                       ----  Gb  [ Linker created ]
  0x00000000  __FLASH2_segment_used_size__
                                                            ----  Gb  [ Linker created ]
  0x00000000  __FLASH1_segment_used_start__
                                                            ----  Gb  [ Linker created ]
  0x00000000  __FLASH1_segment_start__                      ----  Gb  [ Linker created ]
  0x00000040  _vectors_end                               4  Cnst  Lc  Cortex_M_Startup.o
  0x00000054  loop                                       4  Code  Lc  ass_1_3.o
  0x0000006E  SET_OUT_PIN                                4  Code  Lc  ass_1_3.o
  0x00000074  CONF_BTN_PIN                               4  Code  Lc  ass_1_3.o
  0x00000080  DELAY                                      4  Code  Lc  ass_1_3.o
  0x00000082  COUNT_DOWN                                 4  Code  Lc  ass_1_3.o
  0x0000008C  LED_OFF                                    4  Code  Lc  ass_1_3.o
  0x00000092  LED_TOGGLE                                 4  Code  Lc  ass_1_3.o
  0x000000A4  BTN_WAIT                                   4  Code  Lc  ass_1_3.o
  0x00000114  __FLASH_segment_used_size__
                                                            ----  Gb  [ Linker created ]
  0x00000114  __FLASH_segment_used_end__
                                                            ----  Gb  [ Linker created ]
  0x00000114  __FLASH1_segment_used_size__
                                                            ----  Gb  [ Linker created ]
  0x00000114  __FLASH1_segment_used_end__
                                                            ----  Gb  [ Linker created ]
  0x00000800  __STACKSIZE__                                 ----  Gb  [ Linker created ]
  0x00000800  __RAM_segment_used_size__                     ----  Gb  [ Linker created ]
  0x00000800  __RAM1_segment_used_size__
                                                            ----  Gb  [ Linker created ]
  0x00000800  __HEAPSIZE__                                  ----  Gb  [ Linker created ]
  0x00001000  __FLASH2_segment_size__                       ----  Gb  [ Linker created ]
  0x00040000  __RAM_segment_size__                          ----  Gb  [ Linker created ]
  0x00040000  __RAM1_segment_size__                         ----  Gb  [ Linker created ]
  0x00100000  __FLASH_segment_size__                        ----  Gb  [ Linker created ]
  0x00100000  __FLASH_segment_end__                         ----  Gb  [ Linker created ]
  0x00100000  __FLASH1_segment_size__                       ----  Gb  [ Linker created ]
  0x00100000  __FLASH1_segment_end__                        ----  Gb  [ Linker created ]
  0x10001000  __FLASH2_segment_used_start__
                                                            ----  Gb  [ Linker created ]
  0x10001000  __FLASH2_segment_used_end__
                                                            ----  Gb  [ Linker created ]
  0x10001000  __FLASH2_segment_start__                      ----  Gb  [ Linker created ]
  0x10002000  __FLASH2_segment_end__                        ----  Gb  [ Linker created ]
  0x20000000  __RAM_segment_start__                         ----  Gb  [ Linker created ]
  0x20000000  __RAM1_segment_start__                        ----  Gb  [ Linker created ]
  0x2003F800  __RAM_segment_used_start__
                                                            ----  Gb  [ Linker created ]
  0x2003F800  __RAM1_segment_used_start__
                                                            ----  Gb  [ Linker created ]
  0x20040000  __stack_end__                                 ----  Gb  [ Linker created ]
  0x20040000  __RAM_segment_used_end__                      ----  Gb  [ Linker created ]
  0x20040000  __RAM_segment_end__                           ----  Gb  [ Linker created ]
  0x20040000  __RAM1_segment_used_end__                     ----  Gb  [ Linker created ]
  0x20040000  __RAM1_segment_end__                          ----  Gb  [ Linker created ]


***********************************************************************************************
***                                                                                         ***
***                                      LINK SUMMARY                                       ***
***                                                                                         ***
***********************************************************************************************

Memory breakdown:

      206 bytes read-only  code    + 
       68 bytes read-only  data    =     274 bytes read-only (total)
    2 048 bytes read-write data

Region summary:

  Name        Range                     Size                 Used               Unused       Alignment Loss
  ----------  -----------------  -----------  -------------------  -------------------  -------------------
  FLASH       00000000-000fffff    1 048 576          274   0.03%    1 048 302  99.97%            0   0.00%
  RAM         20000000-2003ffff      262 144        2 048   0.78%      260 096  99.22%            0   0.00%

Link complete: 0 errors, 0 warnings, 0 remarks
